================================================================================
AutoIndexPlugin
Used terms
================================================================================

 Elements: "chapter"

Term                           Variant                        Item                           Count Source                         
------------------------------ ------------------------------ ------------------------------ ----- ------------------------------ 
term1                          term1                          chapter1.md                        1 manual                         
term2                          term2                          chapter1.md                        1 manual                         
term3                          term3                          chapter1.md                        1 manual                         


================================================================================
AutoindexPlugin
Not used terms
================================================================================

Term                           Source                         
------------------------------ ------------------------------ 
