================================================================================
EbookQuizPlugin
Quiz Items
================================================================================

Item title                               X-Ref                Id              Type            Heading                                  Questions 
---------------------------------------- -------------------- --------------- --------------- ---------------------------------------- --------- 
Chapter 1 - EbookQuiz test               chapter1.md          act-1           activity.abc    1.0.0.0.1 Exercise 1                             2 
                                                              quest-1         questionnaire   1.0.0.0.2 Questionnaire 1                        3 
                                                              quest-2         questionnaire   1.0.0.0.3 Questionnaire 2                        2 
                                                              act-2           activity.ynb    1.0.0.0.4 Exercise 2                             2 
Chapter 2 - EbookQuiz test in Spanish    chapter2.md          act-3-spanish   activity.ynb    2.0.0.0.1 Ejercicio 3                            2 
