<?xml version="1.0" encoding="UTF-8" ?>
<!DOCTYPE html PUBLIC "-//W3C//DTD XHTML 1.1//EN" "http://www.w3.org/TR/xhtml11/DTD/xhtml11.dtd">
<html xmlns="http://www.w3.org/1999/xhtml" xml:lang="en">

<head>
    <meta http-equiv="Content-Type" content="application/xhtml+xml; charset=utf-8" />
    <title>EpubUncompress test</title>
    
    <link rel="stylesheet" type="text/css" href="css/easybook.css" />


    </head>

<body><div class="container">
<div class="item chapter">
    <h1 class="title" id="epubuncompress-test"><span>Chapter 1</span> EpubUncompress test</h1>
    <p>Lorem ipsum dolor sit amet, consetetur sadipscing elitr, 
sed diam nonumyeirmod tempor invidunt ut labore et dolore magna aliquyam erat, 
sed diamvoluptua. At vero eos et accusam et justo duo dolores et ea rebum.</p>

<p>Stet clita kasd gubergren, no sea takimata sanctus est Lorem ipsum dolor sit amet.</p>

<p>Lorem ipsum dolor sit amet, consetetur sadipscing elitr, sed diam nonumyeirmod 
tempor invidunt ut labore et dolore magna aliquyam erat, sed diamvoluptua. 
At vero eos et accusam et justo duo dolores et ea rebum. Stet clita kasd gubergren, 
no sea takimata sanctus est Lorem ipsum dolor sit amet.</p>

</div>
</div></body>
</html>
