<?xml version="1.0" encoding="UTF-8" ?>
<!DOCTYPE html PUBLIC "-//W3C//DTD XHTML 1.1//EN" "http://www.w3.org/TR/xhtml11/DTD/xhtml11.dtd">
<html xmlns="http://www.w3.org/1999/xhtml" xml:lang="en">

<head>
    <meta http-equiv="Content-Type" content="application/xhtml+xml; charset=utf-8" />
    <title>Test book - EpubUncompressPlugin</title>

    <link rel="stylesheet" type="text/css" href="css/easybook.css" />


    <style type="text/css" title="override_css">
    @page { margin: 0pt; padding: 0pt; }
    body  { margin: 0pt; padding: 0pt; text-align: center; }
</style>
</head>

<body><div class="container">
<div class="item cover">
    <h1>Test book - EpubUncompressPlugin</h1>
    <h2>trefoil</h2>
</div>
</div></body>
</html>
