================================================================================
FootnotesExtraPlugin
================================================================================

Old reference New reference Text (fragment)                                                                               
------------- ------------- --------------------------------------------------------------------------------------------- 
