================================================================================
WordFillInPlugin
Problems found
================================================================================

Element              Severity   Message                                                                                              
-------------------- ---------- ---------------------------------------------------------------------------------------------------- 

    ==================================================
    No problems found
    ==================================================
